{
  "version": "1.5.0",
  "plugins_used": [
    {
      "name": "ArtifactoryDetector"
    },
    {
      "name": "AWSKeyDetector"
    },
    {
      "name": "AzureStorageKeyDetector"
    },
    {
      "name": "Base64HighEntropyString",
      "limit": 4.5
    },
    {
      "name": "BasicAuthDetector"
    },
    {
      "name": "CloudantDetector"
    },
    {
      "name": "DiscordBotTokenDetector"
    },
    {
      "name": "GitHubTokenDetector"
    },
    {
      "name": "GitLabTokenDetector"
    },
    {
      "name": "HexHighEntropyString",
      "limit": 3.0
    },
    {
      "name": "IbmCloudIamDetector"
    },
    {
      "name": "IbmCosHmacDetector"
    },
    {
      "name": "IPPublicDetector"
    },
    {
      "name": "JwtTokenDetector"
    },
    {
      "name": "KeywordDetector",
      "keyword_exclude": ""
    },
    {
      "name": "MailchimpDetector"
    },
    {
      "name": "NpmDetector"
    },
    {
      "name": "OpenAIDetector"
    },
    {
      "name": "PrivateKeyDetector"
    },
    {
      "name": "PypiTokenDetector"
    },
    {
      "name": "SendGridDetector"
    },
    {
      "name": "SlackDetector"
    },
    {
      "name": "SoftlayerDetector"
    },
    {
      "name": "SquareOAuthDetector"
    },
    {
      "name": "StripeDetector"
    },
    {
      "name": "TelegramBotTokenDetector"
    },
    {
      "name": "TwilioKeyDetector"
    }
  ],
  "filters_used": [
    {
      "path": "detect_secrets.filters.allowlist.is_line_allowlisted"
    },
    {
      "path": "detect_secrets.filters.common.is_ignored_due_to_verification_policies",
      "min_level": 2
    },
    {
      "path": "detect_secrets.filters.heuristic.is_indirect_reference"
    },
    {
      "path": "detect_secrets.filters.heuristic.is_likely_id_string"
    },
    {
      "path": "detect_secrets.filters.heuristic.is_lock_file"
    },
    {
      "path": "detect_secrets.filters.heuristic.is_not_alphanumeric_string"
    },
    {
      "path": "detect_secrets.filters.heuristic.is_potential_uuid"
    },
    {
      "path": "detect_secrets.filters.heuristic.is_prefixed_with_dollar_sign"
    },
    {
      "path": "detect_secrets.filters.heuristic.is_sequential_string"
    },
    {
      "path": "detect_secrets.filters.heuristic.is_swagger_file"
    },
    {
      "path": "detect_secrets.filters.heuristic.is_templated_secret"
    },
    {
      "path": "detect_secrets.filters.regex.should_exclude_file",
      "pattern": [
        "tests/test_.*\\.py",
        "k8s/secret\\.template\\.yaml",
        "\\.secrets\\.baseline"
      ]
    }
  ],
  "results": {
    "SECURITY.md": [
      {
        "type": "Secret Keyword",
        "filename": "SECURITY.md",
        "hashed_secret": "ec3810e10fb78db55ce38b9c18d1c3eb1db739e0",
        "is_verified": false,
        "line_number": 223
      },
      {
        "type": "Secret Keyword",
        "filename": "SECURITY.md",
        "hashed_secret": "c7a8c334eef5d1749fface7d42c66f9ae5e8cf36",
        "is_verified": false,
        "line_number": 224
      },
      {
        "type": "Secret Keyword",
        "filename": "SECURITY.md",
        "hashed_secret": "a200967def1296094f1d05e89956b22e6542f561",
        "is_verified": false,
        "line_number": 233
      }
    ],
    "benchmarks/DIARIZATION_REPORT.json": [
      {
        "type": "Hex High Entropy String",
        "filename": "benchmarks/DIARIZATION_REPORT.json",
        "hashed_secret": "9d79d715b1baf38c24ddc66e8d6288daa2531677",
        "is_verified": false,
        "line_number": 10
      }
    ],
    "benchmarks/DIARIZATION_REPORT_REAL.json": [
      {
        "type": "Hex High Entropy String",
        "filename": "benchmarks/DIARIZATION_REPORT_REAL.json",
        "hashed_secret": "9d79d715b1baf38c24ddc66e8d6288daa2531677",
        "is_verified": false,
        "line_number": 10
      }
    ],
    "benchmarks/datasets/asr/librispeech-dev-clean/manifest.json": [
      {
        "type": "Hex High Entropy String",
        "filename": "benchmarks/datasets/asr/librispeech-dev-clean/manifest.json",
        "hashed_secret": "70e029e9026249b2a6bc8c6c71259c265edf5e57",
        "is_verified": false,
        "line_number": 19
      }
    ],
    "benchmarks/datasets/asr/librispeech-dev-other/manifest.json": [
      {
        "type": "Hex High Entropy String",
        "filename": "benchmarks/datasets/asr/librispeech-dev-other/manifest.json",
        "hashed_secret": "14b7065c21eb93e13c3f81e9edeef8282a6de6b5",
        "is_verified": false,
        "line_number": 19
      }
    ],
    "benchmarks/datasets/asr/librispeech-test-clean/manifest.json": [
      {
        "type": "Hex High Entropy String",
        "filename": "benchmarks/datasets/asr/librispeech-test-clean/manifest.json",
        "hashed_secret": "905760ff557460486430f8707527bfda8651225b",
        "is_verified": false,
        "line_number": 19
      }
    ],
    "benchmarks/datasets/asr/librispeech-test-other/manifest.json": [
      {
        "type": "Hex High Entropy String",
        "filename": "benchmarks/datasets/asr/librispeech-test-other/manifest.json",
        "hashed_secret": "44230daa238075ad518c102dc177397e5b0c5c71",
        "is_verified": false,
        "line_number": 19
      }
    ],
    "benchmarks/datasets/asr/smoke/manifest.json": [
      {
        "type": "Hex High Entropy String",
        "filename": "benchmarks/datasets/asr/smoke/manifest.json",
        "hashed_secret": "36c2eabbeee6b07774c007089bc07f403ee80280",
        "is_verified": false,
        "line_number": 28
      },
      {
        "type": "Hex High Entropy String",
        "filename": "benchmarks/datasets/asr/smoke/manifest.json",
        "hashed_secret": "d63524c5f1f71ee543f3d71b9f32ba4f1c9d7869",
        "is_verified": false,
        "line_number": 40
      },
      {
        "type": "Hex High Entropy String",
        "filename": "benchmarks/datasets/asr/smoke/manifest.json",
        "hashed_secret": "23418feb024adb70a0a20cff25e24b5acb081224",
        "is_verified": false,
        "line_number": 52
      }
    ],
    "benchmarks/datasets/diarization/smoke/manifest.json": [
      {
        "type": "Hex High Entropy String",
        "filename": "benchmarks/datasets/diarization/smoke/manifest.json",
        "hashed_secret": "7eb68f5d406dbd06ff50b7d9372faa006fd0830b",
        "is_verified": false,
        "line_number": 33
      },
      {
        "type": "Hex High Entropy String",
        "filename": "benchmarks/datasets/diarization/smoke/manifest.json",
        "hashed_secret": "65491de41a4962415af325ad84b65a75e7bdb062",
        "is_verified": false,
        "line_number": 35
      },
      {
        "type": "Hex High Entropy String",
        "filename": "benchmarks/datasets/diarization/smoke/manifest.json",
        "hashed_secret": "91e4f7ff8ac38811ee4a68f527d647442e23788b",
        "is_verified": false,
        "line_number": 45
      },
      {
        "type": "Hex High Entropy String",
        "filename": "benchmarks/datasets/diarization/smoke/manifest.json",
        "hashed_secret": "f823dc53bf5da4b90179be28f2a4f772e447add7",
        "is_verified": false,
        "line_number": 47
      },
      {
        "type": "Hex High Entropy String",
        "filename": "benchmarks/datasets/diarization/smoke/manifest.json",
        "hashed_secret": "ef515ee2d2726816c62ca65058161f09644d1e8d",
        "is_verified": false,
        "line_number": 57
      },
      {
        "type": "Hex High Entropy String",
        "filename": "benchmarks/datasets/diarization/smoke/manifest.json",
        "hashed_secret": "8a5902d3889cfe84839a47ed59146c12e68c84ed",
        "is_verified": false,
        "line_number": 59
      }
    ],
    "benchmarks/datasets/diarization/smoke_tones/manifest.json": [
      {
        "type": "Hex High Entropy String",
        "filename": "benchmarks/datasets/diarization/smoke_tones/manifest.json",
        "hashed_secret": "e4387514be4b642a623a05f809d0fc7ace546314",
        "is_verified": false,
        "line_number": 33
      },
      {
        "type": "Hex High Entropy String",
        "filename": "benchmarks/datasets/diarization/smoke_tones/manifest.json",
        "hashed_secret": "4fb237b6cdc9d8b8c545e572e3bcbf82d15a3e57",
        "is_verified": false,
        "line_number": 35
      },
      {
        "type": "Hex High Entropy String",
        "filename": "benchmarks/datasets/diarization/smoke_tones/manifest.json",
        "hashed_secret": "b584868e15c3dd1505674c32e104107225759135",
        "is_verified": false,
        "line_number": 45
      },
      {
        "type": "Hex High Entropy String",
        "filename": "benchmarks/datasets/diarization/smoke_tones/manifest.json",
        "hashed_secret": "bb5abd3de221c572ab703ac57b52451765b1c1ca",
        "is_verified": false,
        "line_number": 47
      },
      {
        "type": "Hex High Entropy String",
        "filename": "benchmarks/datasets/diarization/smoke_tones/manifest.json",
        "hashed_secret": "a6578945cd381e1aa4a334172d57dd4bb9feff1f",
        "is_verified": false,
        "line_number": 57
      },
      {
        "type": "Hex High Entropy String",
        "filename": "benchmarks/datasets/diarization/smoke_tones/manifest.json",
        "hashed_secret": "28f46576f68a578fa4f38f4dc2297cee523adef8",
        "is_verified": false,
        "line_number": 59
      }
    ],
    "docs/SCHEMA.md": [
      {
        "type": "Hex High Entropy String",
        "filename": "docs/SCHEMA.md",
        "hashed_secret": "ef678205593788329ff416ce5c65fa04f33a05bd",
        "is_verified": false,
        "line_number": 524
      }
    ],
    "examples/llm_integration/COMPLETION_SUMMARY.md": [
      {
        "type": "Secret Keyword",
        "filename": "examples/llm_integration/COMPLETION_SUMMARY.md",
        "hashed_secret": "6d9c68c603e465077bdd49c62347fe54717f83a3",
        "is_verified": false,
        "line_number": 240
      }
    ],
    "examples/llm_integration/INDEX.md": [
      {
        "type": "Secret Keyword",
        "filename": "examples/llm_integration/INDEX.md",
        "hashed_secret": "ec3810e10fb78db55ce38b9c18d1c3eb1db739e0",
        "is_verified": false,
        "line_number": 179
      },
      {
        "type": "Secret Keyword",
        "filename": "examples/llm_integration/INDEX.md",
        "hashed_secret": "c7a8c334eef5d1749fface7d42c66f9ae5e8cf36",
        "is_verified": false,
        "line_number": 183
      },
      {
        "type": "Secret Keyword",
        "filename": "examples/llm_integration/INDEX.md",
        "hashed_secret": "6d9c68c603e465077bdd49c62347fe54717f83a3",
        "is_verified": false,
        "line_number": 324
      }
    ],
    "examples/llm_integration/README.md": [
      {
        "type": "Secret Keyword",
        "filename": "examples/llm_integration/README.md",
        "hashed_secret": "a8253456364f1bfc7da7ae4a1db5b45d106317a5",
        "is_verified": false,
        "line_number": 58
      }
    ],
    "examples/llm_integration/llm_integration_demo.py": [
      {
        "type": "Secret Keyword",
        "filename": "examples/llm_integration/llm_integration_demo.py",
        "hashed_secret": "a8253456364f1bfc7da7ae4a1db5b45d106317a5",
        "is_verified": false,
        "line_number": 21
      }
    ],
    "examples/llm_integration/quick_start.py": [
      {
        "type": "Secret Keyword",
        "filename": "examples/llm_integration/quick_start.py",
        "hashed_secret": "a8253456364f1bfc7da7ae4a1db5b45d106317a5",
        "is_verified": false,
        "line_number": 263
      }
    ],
    "scripts/setup_benchmark_datasets.py": [
      {
        "type": "Hex High Entropy String",
        "filename": "scripts/setup_benchmark_datasets.py",
        "hashed_secret": "905760ff557460486430f8707527bfda8651225b",
        "is_verified": false,
        "line_number": 67
      },
      {
        "type": "Hex High Entropy String",
        "filename": "scripts/setup_benchmark_datasets.py",
        "hashed_secret": "70e029e9026249b2a6bc8c6c71259c265edf5e57",
        "is_verified": false,
        "line_number": 76
      },
      {
        "type": "Hex High Entropy String",
        "filename": "scripts/setup_benchmark_datasets.py",
        "hashed_secret": "44230daa238075ad518c102dc177397e5b0c5c71",
        "is_verified": false,
        "line_number": 85
      },
      {
        "type": "Hex High Entropy String",
        "filename": "scripts/setup_benchmark_datasets.py",
        "hashed_secret": "14b7065c21eb93e13c3f81e9edeef8282a6de6b5",
        "is_verified": false,
        "line_number": 94
      }
    ],
    "transcription/privacy.py": [
      {
        "type": "Secret Keyword",
        "filename": "transcription/privacy.py",
        "hashed_secret": "e5e9fa1ba31ecd1ae84f75caaa474f3a663f05f4",
        "is_verified": false,
        "line_number": 850
      }
    ],
    "transcription/receipt.py": [
      {
        "type": "Hex High Entropy String",
        "filename": "transcription/receipt.py",
        "hashed_secret": "ef678205593788329ff416ce5c65fa04f33a05bd",
        "is_verified": false,
        "line_number": 28
      }
    ],
    "transcription/semantic_adapter.py": [
      {
        "type": "Secret Keyword",
        "filename": "transcription/semantic_adapter.py",
        "hashed_secret": "ec3810e10fb78db55ce38b9c18d1c3eb1db739e0",
        "is_verified": false,
        "line_number": 1199
      },
      {
        "type": "Secret Keyword",
        "filename": "transcription/semantic_adapter.py",
        "hashed_secret": "c7a8c334eef5d1749fface7d42c66f9ae5e8cf36",
        "is_verified": false,
        "line_number": 1363
      }
    ]
  },
  "generated_at": "2026-02-18T06:54:24Z"
}
